
Running 3 tests using 3 workers

  Γ£ÿ  3 [chromium] ΓÇ║ tests\auth.spec.ts:28:9 ΓÇ║ Authentication Flow ΓÇ║ Login page renders and links to forgot password (40.1s)
  Γ£ÿ  1 [chromium] ΓÇ║ tests\auth.spec.ts:4:9 ΓÇ║ Authentication Flow ΓÇ║ Signup page renders and validates inputs (40.1s)
  Γ£ÿ  2 [chromium] ΓÇ║ tests\auth.spec.ts:39:9 ΓÇ║ Authentication Flow ΓÇ║ Forgot Password page handles invalid codes gracefully (40.1s)


  1) [chromium] ΓÇ║ tests\auth.spec.ts:4:9 ΓÇ║ Authentication Flow ΓÇ║ Signup page renders and validates inputs 

    [31mTest timeout of 30000ms exceeded.[39m

    Error: page.goto: net::ERR_ABORTED; maybe frame was detached?
    Call log:
    [2m  - navigating to "http://localhost:3000/signup", waiting until "load"[22m


      3 | test.describe('Authentication Flow', () => {
      4 |     test('Signup page renders and validates inputs', async ({ page }) => {
    > 5 |         await page.goto('/signup');
        |                    ^
      6 |
      7 |         // Verify title
      8 |         await expect(page).toHaveTitle(/Sign Up/);
        at C:\Users\lev52\Desktop\ace-website\tests\auth.spec.ts:5:20

  2) [chromium] ΓÇ║ tests\auth.spec.ts:28:9 ΓÇ║ Authentication Flow ΓÇ║ Login page renders and links to forgot password 

    [31mTest timeout of 30000ms exceeded.[39m

    Error: page.goto: net::ERR_ABORTED; maybe frame was detached?
    Call log:
    [2m  - navigating to "http://localhost:3000/login", waiting until "load"[22m


      27 |
      28 |     test('Login page renders and links to forgot password', async ({ page }) => {
    > 29 |         await page.goto('/login');
         |                    ^
      30 |
      31 |         await expect(page).toHaveTitle(/Sign In/);
      32 |         await expect(page.getByText('Forgot Password?')).toBeVisible();
        at C:\Users\lev52\Desktop\ace-website\tests\auth.spec.ts:29:20

  3) [chromium] ΓÇ║ tests\auth.spec.ts:39:9 ΓÇ║ Authentication Flow ΓÇ║ Forgot Password page handles invalid codes gracefully 

    [31mTest timeout of 30000ms exceeded.[39m

    Error: page.goto: net::ERR_ABORTED; maybe frame was detached?
    Call log:
    [2m  - navigating to "http://localhost:3000/forgot-password?oobCode=fake-code", waiting until "load"[22m


      39 |     test('Forgot Password page handles invalid codes gracefully', async ({ page }) => {
      40 |         // Navigating with a fake oobCode to trigger the error logic
    > 41 |         await page.goto('/forgot-password?oobCode=fake-code');
         |                    ^
      42 |
      43 |         await expect(page.locator('[data-sonner-toast]')).toContainText('This password reset link is invalid or has expired.');
      44 |     });
        at C:\Users\lev52\Desktop\ace-website\tests\auth.spec.ts:41:20

  3 failed
    [chromium] ΓÇ║ tests\auth.spec.ts:4:9 ΓÇ║ Authentication Flow ΓÇ║ Signup page renders and validates inputs 
    [chromium] ΓÇ║ tests\auth.spec.ts:28:9 ΓÇ║ Authentication Flow ΓÇ║ Login page renders and links to forgot password 
    [chromium] ΓÇ║ tests\auth.spec.ts:39:9 ΓÇ║ Authentication Flow ΓÇ║ Forgot Password page handles invalid codes gracefully 
